#
# There is insufficient memory for the Java Runtime Environment to continue.
# Native memory allocation (malloc) failed to allocate 1249968 bytes. Error detail: Chunk::new
# Possible reasons:
#   The system is out of physical RAM or swap space
#   This process is running with CompressedOops enabled, and the Java Heap may be blocking the growth of the native heap
# Possible solutions:
#   Reduce memory load on the system
#   Increase physical memory or swap space
#   Check if swap backing store is full
#   Decrease Java heap size (-Xmx/-Xms)
#   Decrease number of Java threads
#   Decrease Java thread stack sizes (-Xss)
#   Set larger code cache with -XX:ReservedCodeCacheSize=
#   JVM is running with Unscaled Compressed Oops mode in which the Java heap is
#     placed in the first 4GB address space. The Java Heap base address is the
#     maximum limit for the native heap growth. Please use -XX:HeapBaseMinAddress
#     to set the Java Heap base and to place the Java Heap above 4GB virtual address.
# This output file may be truncated or incomplete.
#
#  Out of Memory Error (arena.cpp:168), pid=1068, tid=15612
#
# JRE version: OpenJDK Runtime Environment Temurin-21.0.11+10 (21.0.11+10) (build 21.0.11+10-LTS)
# Java VM: OpenJDK 64-Bit Server VM Temurin-21.0.11+10 (21.0.11+10-LTS, mixed mode, sharing, tiered, compressed oops, compressed class ptrs, parallel gc, windows-amd64)
# No core dump will be written. Minidumps are not enabled by default on client versions of Windows
#

---------------  S U M M A R Y ------------

Command Line: --add-modules=ALL-SYSTEM --add-opens=java.base/java.util=ALL-UNNAMED --add-opens=java.base/java.lang=ALL-UNNAMED --add-opens=java.base/sun.nio.fs=ALL-UNNAMED -Declipse.application=org.eclipse.jdt.ls.core.id1 -Dosgi.bundles.defaultStartLevel=4 -Declipse.product=org.eclipse.jdt.ls.core.product -Djava.import.generatesMetadataFilesAtProjectRoot=false -DDetectVMInstallationsJob.disabled=true -Dfile.encoding=utf8 -XX:+UseParallelGC -XX:GCTimeRatio=4 -XX:AdaptiveSizePolicyWeight=90 -Dsun.zip.disableMemoryMapping=true -Xmx2G -Xms100m -Xlog:disable -javaagent:c:\Users\DELL 5490\.vscode\extensions\redhat.java-1.55.0-win32-x64\lombok\lombok-1.18.39-4050.jar c:\Users\DELL 5490\.vscode\extensions\redhat.java-1.55.0-win32-x64\server\plugins\org.eclipse.equinox.launcher_1.7.200.v20260619-2039.jar -configuration c:\Users\DELL 5490\AppData\Roaming\Code\User\globalStorage\redhat.java\1.55.0\config_ss_win -data c:\Users\DELL 5490\AppData\Roaming\Code\User\workspaceStorage\57ea264e37e61016c08210faebcd99c8\redhat.java\ss_ws --pipe=\\.\pipe\lsp-e0fad71139442d3e8fa56e24c95ba0dd-sock

Host: Intel(R) Core(TM) i5-7300U CPU @ 2.60GHz, 4 cores, 7G,  Windows 10 , 64 bit Build 21996 (10.0.21996.1)
Time: Mon Jul  6 19:17:25 2026 Mauritius Standard Time elapsed time: 5.103677 seconds (0d 0h 0m 5s)

---------------  T H R E A D  ---------------

Current thread (0x0000027ce3ee56f0):  JavaThread "C2 CompilerThread1" daemon [_thread_in_native, id=15612, stack(0x000000d813500000,0x000000d813600000) (1024K)]


Current CompileTask:
C2:5103 2767       4       org.lombokweb.asm.ClassReader::readMethod (1070 bytes)

Stack: [0x000000d813500000,0x000000d813600000]
Native frames: (J=compiled Java code, j=interpreted, Vv=VM code, C=native code)
V  [jvm.dll+0x6d7e19]
V  [jvm.dll+0x8b5096]
V  [jvm.dll+0x8b764e]
V  [jvm.dll+0x8b7d33]
V  [jvm.dll+0x284596]
V  [jvm.dll+0xc685d]
V  [jvm.dll+0xc6da1]
V  [jvm.dll+0x3bed6b]
V  [jvm.dll+0x38b2b2]
V  [jvm.dll+0x38a6fa]
V  [jvm.dll+0x24c700]
V  [jvm.dll+0x24bce0]
V  [jvm.dll+0x1cb4ae]
V  [jvm.dll+0x25baad]
V  [jvm.dll+0x25a03a]
V  [jvm.dll+0x3f868e]
V  [jvm.dll+0x85fb0d]
V  [jvm.dll+0x6d664d]
C  [ucrtbase.dll+0x26c0c]
C  [KERNEL32.DLL+0x154e0]
C  [ntdll.dll+0x485b]


---------------  P R O C E S S  ---------------

Threads class SMR info:
_java_thread_list=0x0000027ce3ec6a50, length=20, elements={
0x0000027c866b44a0, 0x0000027cde1307d0, 0x0000027cde132cc0, 0x0000027cde135990,
0x0000027cde138360, 0x0000027cde138dc0, 0x0000027cde139820, 0x0000027cde13a5b0,
0x0000027cde1aacd0, 0x0000027ce310ad50, 0x0000027ce327d810, 0x0000027ce373c370,
0x0000027ce373a930, 0x0000027ce373afc0, 0x0000027ce373b650, 0x0000027ce373a2a0,
0x0000027ce3ee56f0, 0x0000027ce373ca00, 0x0000027ce3739580, 0x0000027ce3739c10
}

Java Threads: ( => current thread )
  0x0000027c866b44a0 JavaThread "main"                              [_thread_blocked, id=15692, stack(0x000000d811f00000,0x000000d812000000) (1024K)]
  0x0000027cde1307d0 JavaThread "Reference Handler"          daemon [_thread_blocked, id=6836, stack(0x000000d812300000,0x000000d812400000) (1024K)]
  0x0000027cde132cc0 JavaThread "Finalizer"                  daemon [_thread_blocked, id=5832, stack(0x000000d812400000,0x000000d812500000) (1024K)]
  0x0000027cde135990 JavaThread "Signal Dispatcher"          daemon [_thread_blocked, id=5488, stack(0x000000d812500000,0x000000d812600000) (1024K)]
  0x0000027cde138360 JavaThread "Attach Listener"            daemon [_thread_blocked, id=6748, stack(0x000000d812600000,0x000000d812700000) (1024K)]
  0x0000027cde138dc0 JavaThread "Service Thread"             daemon [_thread_blocked, id=2052, stack(0x000000d812700000,0x000000d812800000) (1024K)]
  0x0000027cde139820 JavaThread "Monitor Deflation Thread"   daemon [_thread_blocked, id=3620, stack(0x000000d812800000,0x000000d812900000) (1024K)]
  0x0000027cde13a5b0 JavaThread "C2 CompilerThread0"         daemon [_thread_in_native, id=14916, stack(0x000000d812900000,0x000000d812a00000) (1024K)]
  0x0000027cde1aacd0 JavaThread "C1 CompilerThread0"         daemon [_thread_blocked, id=11828, stack(0x000000d812a00000,0x000000d812b00000) (1024K)]
  0x0000027ce310ad50 JavaThread "Common-Cleaner"             daemon [_thread_blocked, id=7864, stack(0x000000d812b00000,0x000000d812c00000) (1024K)]
  0x0000027ce327d810 JavaThread "Notification Thread"        daemon [_thread_blocked, id=11992, stack(0x000000d812d00000,0x000000d812e00000) (1024K)]
  0x0000027ce373c370 JavaThread "Active Thread: Equinox Container: ca787940-1ebe-40c5-bf59-c9426d38f502"        [_thread_blocked, id=10644, stack(0x000000d813100000,0x000000d813200000) (1024K)]
  0x0000027ce373a930 JavaThread "Framework Event Dispatcher: Equinox Container: ca787940-1ebe-40c5-bf59-c9426d38f502" daemon [_thread_blocked, id=11596, stack(0x000000d813200000,0x000000d813300000) (1024K)]
  0x0000027ce373afc0 JavaThread "Start Level: Equinox Container: ca787940-1ebe-40c5-bf59-c9426d38f502" daemon [_thread_in_vm, id=11996, stack(0x000000d813300000,0x000000d813400000) (1024K)]
  0x0000027ce373b650 JavaThread "SCR Component Actor"        daemon [_thread_blocked, id=16008, stack(0x000000d813400000,0x000000d813500000) (1024K)]
  0x0000027ce373a2a0 JavaThread "Worker-JM"                         [_thread_blocked, id=7512, stack(0x000000d812c00000,0x000000d812d00000) (1024K)]
=>0x0000027ce3ee56f0 JavaThread "C2 CompilerThread1"         daemon [_thread_in_native, id=15612, stack(0x000000d813500000,0x000000d813600000) (1024K)]
  0x0000027ce373ca00 JavaThread "JNA Cleaner"                daemon [_thread_blocked, id=14252, stack(0x000000d813600000,0x000000d813700000) (1024K)]
  0x0000027ce3739580 JavaThread "Worker-0"                          [_thread_blocked, id=10256, stack(0x000000d813700000,0x000000d813800000) (1024K)]
  0x0000027ce3739c10 JavaThread "Worker-1"                          [_thread_blocked, id=8584, stack(0x000000d813800000,0x000000d813900000) (1024K)]
Total: 20

Other Threads:
  0x0000027c86776260 VMThread "VM Thread"                           [id=13268, stack(0x000000d812200000,0x000000d812300000) (1024K)]
  0x0000027c86720970 WatcherThread "VM Periodic Task Thread"        [id=8384, stack(0x000000d812100000,0x000000d812200000) (1024K)]
  0x0000027c866d2140 WorkerThread "GC Thread#0"                     [id=2552, stack(0x000000d812000000,0x000000d812100000) (1024K)]
  0x0000027ce35b20b0 WorkerThread "GC Thread#1"                     [id=2188, stack(0x000000d812e00000,0x000000d812f00000) (1024K)]
  0x0000027ce35b2460 WorkerThread "GC Thread#2"                     [id=11516, stack(0x000000d812f00000,0x000000d813000000) (1024K)]
  0x0000027ce35b2810 WorkerThread "GC Thread#3"                     [id=13472, stack(0x000000d813000000,0x000000d813100000) (1024K)]
Total: 6

Threads with active compile tasks:
C2 CompilerThread0  5163 2841       4       lombok.patcher.PatchScript$MethodPatcher::visitMethod (158 bytes)
C2 CompilerThread1  5164 2767       4       org.lombokweb.asm.ClassReader::readMethod (1070 bytes)
Total: 2

VM state: not at safepoint (normal execution)

VM Mutex/Monitor currently owned by a thread: None

Heap address: 0x0000000080000000, size: 2048 MB, Compressed Oops mode: 32-bit

CDS archive(s) mapped at: [0x0000027c9d000000-0x0000027c9dba0000-0x0000027c9dba0000), size 12189696, SharedBaseAddress: 0x0000027c9d000000, ArchiveRelocationMode: 1.
Compressed class space mapped at: 0x0000027c9e000000-0x0000027cde000000, reserved size: 1073741824
Narrow klass base: 0x0000027c9d000000, Narrow klass shift: 0, Narrow klass range: 0x100000000

GC Precious Log:
 CardTable entry size: 512
 CPUs: 4 total, 4 available
 Memory: 8050M
 Large Page Support: Disabled
 NUMA Support: Disabled
 Compressed Oops: Enabled (32-bit)
 Alignments: Space 512K, Generation 512K, Heap 2M
 Heap Min Capacity: 100M
 Heap Initial Capacity: 100M
 Heap Max Capacity: 2G
 Pre-touch: Disabled
 Parallel Workers: 4

Heap:
 PSYoungGen      total 29696K, used 20441K [0x00000000d5580000, 0x00000000d7780000, 0x0000000100000000)
  eden space 25088K, 81% used [0x00000000d5580000,0x00000000d6976720,0x00000000d6e00000)
  from space 4608K, 0% used [0x00000000d7300000,0x00000000d7300000,0x00000000d7780000)
  to   space 4608K, 0% used [0x00000000d6e80000,0x00000000d6e80000,0x00000000d7300000)
 ParOldGen       total 68608K, used 8709K [0x0000000080000000, 0x0000000084300000, 0x00000000d5580000)
  object space 68608K, 12% used [0x0000000080000000,0x0000000080881668,0x0000000084300000)
 Metaspace       used 22267K, committed 22976K, reserved 1114112K
  class space    used 2162K, committed 2496K, reserved 1048576K

Card table byte_map: [0x0000027c86090000,0x0000027c864a0000] _byte_map_base: 0x0000027c85c90000

Marking Bits: (ParMarkBitMap*) 0x00007ffde4434460
 Begin Bits: [0x0000027c98b70000, 0x0000027c9ab70000)
 End Bits:   [0x0000027c9ab70000, 0x0000027c9cb70000)

Polling page: 0x0000027c85e80000

Metaspace:

Usage:
  Non-class:     19.63 MB used.
      Class:      2.11 MB used.
       Both:     21.75 MB used.

Virtual space:
  Non-class space:       64.00 MB reserved,      20.06 MB ( 31%) committed,  1 nodes.
      Class space:        1.00 GB reserved,       2.44 MB ( <1%) committed,  1 nodes.
             Both:        1.06 GB reserved,      22.50 MB (  2%) committed. 

Chunk freelists:
   Non-Class:  11.67 MB
       Class:  13.43 MB
        Both:  25.10 MB

MaxMetaspaceSize: unlimited
CompressedClassSpaceSize: 1.00 GB
Initial GC threshold: 21.00 MB
Current GC threshold: 35.00 MB
CDS: on
 - commit_granule_bytes: 65536.
 - commit_granule_words: 8192.
 - virtual_space_node_default_size: 8388608.
 - enlarge_chunks_in_place: 1.
 - use_allocation_guard: 0.


Internal statistics:

num_allocs_failed_limit: 3.
num_arena_births: 512.
num_arena_deaths: 14.
num_vsnodes_births: 2.
num_vsnodes_deaths: 0.
num_space_committed: 360.
num_space_uncommitted: 0.
num_chunks_returned_to_freelist: 17.
num_chunks_taken_from_freelist: 1344.
num_chunk_merges: 9.
num_chunk_splits: 887.
num_chunks_enlarged: 591.
num_inconsistent_stats: 0.

CodeHeap 'non-profiled nmethods': size=120000Kb used=1254Kb max_used=1254Kb free=118745Kb
 bounds [0x0000027c91390000, 0x0000027c91600000, 0x0000027c988c0000]
CodeHeap 'profiled nmethods': size=120000Kb used=5636Kb max_used=5636Kb free=114363Kb
 bounds [0x0000027c898c0000, 0x0000027c89e50000, 0x0000027c90df0000]
CodeHeap 'non-nmethods': size=5760Kb used=1317Kb max_used=1371Kb free=4442Kb
 bounds [0x0000027c90df0000, 0x0000027c91060000, 0x0000027c91390000]
CodeCache: size=245760Kb, used=8207Kb, max_used=8261Kb, free=237550Kb
 total_blobs=3451, nmethods=2848, adapters=509, full_count=0
Compilation: enabled, stopped_count=0, restarted_count=0

Compilation events (20 events):
Event: 5.062 Thread 0x0000027cde1aacd0 nmethod 2816 0x0000027c914c6290 code [0x0000027c914c6420, 0x0000027c914c64e8]
Event: 5.064 Thread 0x0000027cde1aacd0 2817       3       java.lang.ref.SoftReference::<init> (14 bytes)
Event: 5.065 Thread 0x0000027cde1aacd0 nmethod 2817 0x0000027c89e2d210 code [0x0000027c89e2d3c0, 0x0000027c89e2d620]
Event: 5.065 Thread 0x0000027cde1aacd0 2818       3       java.io.File::isFile (34 bytes)
Event: 5.066 Thread 0x0000027cde1aacd0 nmethod 2818 0x0000027c89e2d710 code [0x0000027c89e2d900, 0x0000027c89e2dd08]
Event: 5.066 Thread 0x0000027cde1aacd0 2819       3       java.nio.ByteBuffer::hasArray (20 bytes)
Event: 5.067 Thread 0x0000027cde1aacd0 nmethod 2819 0x0000027c89e2de90 code [0x0000027c89e2e040, 0x0000027c89e2e1d8]
Event: 5.067 Thread 0x0000027cde1aacd0 2820       3       sun.nio.cs.UTF_8$Decoder::decodeLoop (28 bytes)
Event: 5.067 Thread 0x0000027cde1aacd0 nmethod 2820 0x0000027c89e2e290 code [0x0000027c89e2e480, 0x0000027c89e2e850]
Event: 5.067 Thread 0x0000027cde1aacd0 2821       3       java.nio.CharBuffer::hasArray (20 bytes)
Event: 5.068 Thread 0x0000027cde1aacd0 nmethod 2821 0x0000027c89e2e990 code [0x0000027c89e2eb40, 0x0000027c89e2ecd8]
Event: 5.070 Thread 0x0000027cde1aacd0 2822       3       java.nio.ByteBuffer::flip (7 bytes)
Event: 5.070 Thread 0x0000027cde1aacd0 nmethod 2822 0x0000027c89e2ed90 code [0x0000027c89e2ef40, 0x0000027c89e2f0c0]
Event: 5.084 Thread 0x0000027cde1aacd0 2823       3       java.lang.Integer::parseInt (285 bytes)
Event: 5.086 Thread 0x0000027cde1aacd0 nmethod 2823 0x0000027c89e2f190 code [0x0000027c89e2f5a0, 0x0000027c89e30db8]
Event: 5.089 Thread 0x0000027cde1aacd0 2824       1       org.eclipse.osgi.internal.loader.EquinoxClassLoader::getDebug (5 bytes)
Event: 5.089 Thread 0x0000027cde1aacd0 nmethod 2824 0x0000027c914c6590 code [0x0000027c914c6720, 0x0000027c914c67e8]
Event: 5.091 Thread 0x0000027cde1aacd0 2825       3       java.net.URL::toString (5 bytes)
Event: 5.091 Thread 0x0000027cde1aacd0 nmethod 2825 0x0000027c89e31710 code [0x0000027c89e318c0, 0x0000027c89e31b00]
Event: 5.094 Thread 0x0000027cde13a5b0 2826       4       lombok.launch.ClassFileMetaData::decodeString (181 bytes)

GC Heap History (14 events):
Event: 1.521 GC heap before
{Heap before GC invocations=1 (full 0):
 PSYoungGen      total 29696K, used 25600K [0x00000000d5580000, 0x00000000d7680000, 0x0000000100000000)
  eden space 25600K, 100% used [0x00000000d5580000,0x00000000d6e80000,0x00000000d6e80000)
  from space 4096K, 0% used [0x00000000d7280000,0x00000000d7280000,0x00000000d7680000)
  to   space 4096K, 0% used [0x00000000d6e80000,0x00000000d6e80000,0x00000000d7280000)
 ParOldGen       total 68608K, used 0K [0x0000000080000000, 0x0000000084300000, 0x00000000d5580000)
  object space 68608K, 0% used [0x0000000080000000,0x0000000080000000,0x0000000084300000)
 Metaspace       used 4370K, committed 4608K, reserved 1114112K
  class space    used 474K, committed 576K, reserved 1048576K
}
Event: 1.546 GC heap after
{Heap after GC invocations=1 (full 0):
 PSYoungGen      total 29696K, used 3271K [0x00000000d5580000, 0x00000000d7680000, 0x0000000100000000)
  eden space 25600K, 0% used [0x00000000d5580000,0x00000000d5580000,0x00000000d6e80000)
  from space 4096K, 79% used [0x00000000d6e80000,0x00000000d71b1e98,0x00000000d7280000)
  to   space 4096K, 0% used [0x00000000d7280000,0x00000000d7280000,0x00000000d7680000)
 ParOldGen       total 68608K, used 8K [0x0000000080000000, 0x0000000084300000, 0x00000000d5580000)
  object space 68608K, 0% used [0x0000000080000000,0x0000000080002000,0x0000000084300000)
 Metaspace       used 4370K, committed 4608K, reserved 1114112K
  class space    used 474K, committed 576K, reserved 1048576K
}
Event: 2.810 GC heap before
{Heap before GC invocations=2 (full 0):
 PSYoungGen      total 29696K, used 28871K [0x00000000d5580000, 0x00000000d7680000, 0x0000000100000000)
  eden space 25600K, 100% used [0x00000000d5580000,0x00000000d6e80000,0x00000000d6e80000)
  from space 4096K, 79% used [0x00000000d6e80000,0x00000000d71b1e98,0x00000000d7280000)
  to   space 4096K, 0% used [0x00000000d7280000,0x00000000d7280000,0x00000000d7680000)
 ParOldGen       total 68608K, used 8K [0x0000000080000000, 0x0000000084300000, 0x00000000d5580000)
  object space 68608K, 0% used [0x0000000080000000,0x0000000080002000,0x0000000084300000)
 Metaspace       used 8167K, committed 8448K, reserved 1114112K
  class space    used 865K, committed 960K, reserved 1048576K
}
Event: 2.817 GC heap after
{Heap after GC invocations=2 (full 0):
 PSYoungGen      total 29696K, used 4092K [0x00000000d5580000, 0x00000000d7680000, 0x0000000100000000)
  eden space 25600K, 0% used [0x00000000d5580000,0x00000000d5580000,0x00000000d6e80000)
  from space 4096K, 99% used [0x00000000d7280000,0x00000000d767f020,0x00000000d7680000)
  to   space 4096K, 0% used [0x00000000d6e80000,0x00000000d6e80000,0x00000000d7280000)
 ParOldGen       total 68608K, used 1037K [0x0000000080000000, 0x0000000084300000, 0x00000000d5580000)
  object space 68608K, 1% used [0x0000000080000000,0x00000000801036b8,0x0000000084300000)
 Metaspace       used 8167K, committed 8448K, reserved 1114112K
  class space    used 865K, committed 960K, reserved 1048576K
}
Event: 3.605 GC heap before
{Heap before GC invocations=3 (full 0):
 PSYoungGen      total 29696K, used 29692K [0x00000000d5580000, 0x00000000d7680000, 0x0000000100000000)
  eden space 25600K, 100% used [0x00000000d5580000,0x00000000d6e80000,0x00000000d6e80000)
  from space 4096K, 99% used [0x00000000d7280000,0x00000000d767f020,0x00000000d7680000)
  to   space 4096K, 0% used [0x00000000d6e80000,0x00000000d6e80000,0x00000000d7280000)
 ParOldGen       total 68608K, used 1037K [0x0000000080000000, 0x0000000084300000, 0x00000000d5580000)
  object space 68608K, 1% used [0x0000000080000000,0x00000000801036b8,0x0000000084300000)
 Metaspace       used 13000K, committed 13568K, reserved 1114112K
  class space    used 1377K, committed 1600K, reserved 1048576K
}
Event: 3.612 GC heap after
{Heap after GC invocations=3 (full 0):
 PSYoungGen      total 29696K, used 4085K [0x00000000d5580000, 0x00000000d7680000, 0x0000000100000000)
  eden space 25600K, 0% used [0x00000000d5580000,0x00000000d5580000,0x00000000d6e80000)
  from space 4096K, 99% used [0x00000000d6e80000,0x00000000d727d480,0x00000000d7280000)
  to   space 4096K, 0% used [0x00000000d7280000,0x00000000d7280000,0x00000000d7680000)
 ParOldGen       total 68608K, used 2770K [0x0000000080000000, 0x0000000084300000, 0x00000000d5580000)
  object space 68608K, 4% used [0x0000000080000000,0x00000000802b4bb0,0x0000000084300000)
 Metaspace       used 13000K, committed 13568K, reserved 1114112K
  class space    used 1377K, committed 1600K, reserved 1048576K
}
Event: 4.442 GC heap before
{Heap before GC invocations=4 (full 0):
 PSYoungGen      total 29696K, used 29685K [0x00000000d5580000, 0x00000000d7680000, 0x0000000100000000)
  eden space 25600K, 100% used [0x00000000d5580000,0x00000000d6e80000,0x00000000d6e80000)
  from space 4096K, 99% used [0x00000000d6e80000,0x00000000d727d480,0x00000000d7280000)
  to   space 4096K, 0% used [0x00000000d7280000,0x00000000d7280000,0x00000000d7680000)
 ParOldGen       total 68608K, used 2770K [0x0000000080000000, 0x0000000084300000, 0x00000000d5580000)
  object space 68608K, 4% used [0x0000000080000000,0x00000000802b4bb0,0x0000000084300000)
 Metaspace       used 17122K, committed 17792K, reserved 1114112K
  class space    used 1806K, committed 2112K, reserved 1048576K
}
Event: 4.449 GC heap after
{Heap after GC invocations=4 (full 0):
 PSYoungGen      total 29696K, used 4092K [0x00000000d5580000, 0x00000000d7680000, 0x0000000100000000)
  eden space 25600K, 0% used [0x00000000d5580000,0x00000000d5580000,0x00000000d6e80000)
  from space 4096K, 99% used [0x00000000d7280000,0x00000000d767f328,0x00000000d7680000)
  to   space 4096K, 0% used [0x00000000d6e80000,0x00000000d6e80000,0x00000000d7280000)
 ParOldGen       total 68608K, used 4396K [0x0000000080000000, 0x0000000084300000, 0x00000000d5580000)
  object space 68608K, 6% used [0x0000000080000000,0x000000008044b3c8,0x0000000084300000)
 Metaspace       used 17122K, committed 17792K, reserved 1114112K
  class space    used 1806K, committed 2112K, reserved 1048576K
}
Event: 4.827 GC heap before
{Heap before GC invocations=5 (full 0):
 PSYoungGen      total 29696K, used 29692K [0x00000000d5580000, 0x00000000d7680000, 0x0000000100000000)
  eden space 25600K, 100% used [0x00000000d5580000,0x00000000d6e80000,0x00000000d6e80000)
  from space 4096K, 99% used [0x00000000d7280000,0x00000000d767f328,0x00000000d7680000)
  to   space 4096K, 0% used [0x00000000d6e80000,0x00000000d6e80000,0x00000000d7280000)
 ParOldGen       total 68608K, used 4396K [0x0000000080000000, 0x0000000084300000, 0x00000000d5580000)
  object space 68608K, 6% used [0x0000000080000000,0x000000008044b3c8,0x0000000084300000)
 Metaspace       used 20370K, committed 21056K, reserved 1114112K
  class space    used 2029K, committed 2368K, reserved 1048576K
}
Event: 4.832 GC heap after
{Heap after GC invocations=5 (full 0):
 PSYoungGen      total 29184K, used 4083K [0x00000000d5580000, 0x00000000d7800000, 0x0000000100000000)
  eden space 25088K, 0% used [0x00000000d5580000,0x00000000d5580000,0x00000000d6e00000)
  from space 4096K, 99% used [0x00000000d6e80000,0x00000000d727cc80,0x00000000d7280000)
  to   space 5120K, 0% used [0x00000000d7300000,0x00000000d7300000,0x00000000d7800000)
 ParOldGen       total 68608K, used 4673K [0x0000000080000000, 0x0000000084300000, 0x00000000d5580000)
  object space 68608K, 6% used [0x0000000080000000,0x0000000080490598,0x0000000084300000)
 Metaspace       used 20370K, committed 21056K, reserved 1114112K
  class space    used 2029K, committed 2368K, reserved 1048576K
}
Event: 4.908 GC heap before
{Heap before GC invocations=6 (full 0):
 PSYoungGen      total 29184K, used 10296K [0x00000000d5580000, 0x00000000d7800000, 0x0000000100000000)
  eden space 25088K, 24% used [0x00000000d5580000,0x00000000d5b91460,0x00000000d6e00000)
  from space 4096K, 99% used [0x00000000d6e80000,0x00000000d727cc80,0x00000000d7280000)
  to   space 5120K, 0% used [0x00000000d7300000,0x00000000d7300000,0x00000000d7800000)
 ParOldGen       total 68608K, used 4673K [0x0000000080000000, 0x0000000084300000, 0x00000000d5580000)
  object space 68608K, 6% used [0x0000000080000000,0x0000000080490598,0x0000000084300000)
 Metaspace       used 20841K, committed 21504K, reserved 1114112K
  class space    used 2068K, committed 2368K, reserved 1048576K
}
Event: 4.915 GC heap after
{Heap after GC invocations=6 (full 0):
 PSYoungGen      total 29696K, used 4425K [0x00000000d5580000, 0x00000000d7780000, 0x0000000100000000)
  eden space 25088K, 0% used [0x00000000d5580000,0x00000000d5580000,0x00000000d6e00000)
  from space 4608K, 96% used [0x00000000d7300000,0x00000000d7752430,0x00000000d7780000)
  to   space 4608K, 0% used [0x00000000d6e80000,0x00000000d6e80000,0x00000000d7300000)
 ParOldGen       total 68608K, used 4681K [0x0000000080000000, 0x0000000084300000, 0x00000000d5580000)
  object space 68608K, 6% used [0x0000000080000000,0x0000000080492598,0x0000000084300000)
 Metaspace       used 20841K, committed 21504K, reserved 1114112K
  class space    used 2068K, committed 2368K, reserved 1048576K
}
Event: 4.915 GC heap before
{Heap before GC invocations=7 (full 1):
 PSYoungGen      total 29696K, used 4425K [0x00000000d5580000, 0x00000000d7780000, 0x0000000100000000)
  eden space 25088K, 0% used [0x00000000d5580000,0x00000000d5580000,0x00000000d6e00000)
  from space 4608K, 96% used [0x00000000d7300000,0x00000000d7752430,0x00000000d7780000)
  to   space 4608K, 0% used [0x00000000d6e80000,0x00000000d6e80000,0x00000000d7300000)
 ParOldGen       total 68608K, used 4681K [0x0000000080000000, 0x0000000084300000, 0x00000000d5580000)
  object space 68608K, 6% used [0x0000000080000000,0x0000000080492598,0x0000000084300000)
 Metaspace       used 20841K, committed 21504K, reserved 1114112K
  class space    used 2068K, committed 2368K, reserved 1048576K
}
Event: 4.949 GC heap after
{Heap after GC invocations=7 (full 1):
 PSYoungGen      total 29696K, used 0K [0x00000000d5580000, 0x00000000d7780000, 0x0000000100000000)
  eden space 25088K, 0% used [0x00000000d5580000,0x00000000d5580000,0x00000000d6e00000)
  from space 4608K, 0% used [0x00000000d7300000,0x00000000d7300000,0x00000000d7780000)
  to   space 4608K, 0% used [0x00000000d6e80000,0x00000000d6e80000,0x00000000d7300000)
 ParOldGen       total 68608K, used 8709K [0x0000000080000000, 0x0000000084300000, 0x00000000d5580000)
  object space 68608K, 12% used [0x0000000080000000,0x0000000080881668,0x0000000084300000)
 Metaspace       used 20828K, committed 21504K, reserved 1114112K
  class space    used 2064K, committed 2368K, reserved 1048576K
}

Dll operation events (10 events):
Event: 0.016 Loaded shared library c:\Users\DELL 5490\.vscode\extensions\redhat.java-1.55.0-win32-x64\jre\21.0.11-win32-x86_64\bin\java.dll
Event: 0.224 Loaded shared library c:\Users\DELL 5490\.vscode\extensions\redhat.java-1.55.0-win32-x64\jre\21.0.11-win32-x86_64\bin\zip.dll
Event: 0.272 Loaded shared library C:\Users\DELL 5490\.vscode\extensions\redhat.java-1.55.0-win32-x64\jre\21.0.11-win32-x86_64\bin\instrument.dll
Event: 0.279 Loaded shared library C:\Users\DELL 5490\.vscode\extensions\redhat.java-1.55.0-win32-x64\jre\21.0.11-win32-x86_64\bin\net.dll
Event: 0.283 Loaded shared library C:\Users\DELL 5490\.vscode\extensions\redhat.java-1.55.0-win32-x64\jre\21.0.11-win32-x86_64\bin\nio.dll
Event: 0.288 Loaded shared library C:\Users\DELL 5490\.vscode\extensions\redhat.java-1.55.0-win32-x64\jre\21.0.11-win32-x86_64\bin\zip.dll
Event: 0.313 Loaded shared library C:\Users\DELL 5490\.vscode\extensions\redhat.java-1.55.0-win32-x64\jre\21.0.11-win32-x86_64\bin\jimage.dll
Event: 0.423 Loaded shared library c:\Users\DELL 5490\.vscode\extensions\redhat.java-1.55.0-win32-x64\jre\21.0.11-win32-x86_64\bin\verify.dll
Event: 2.775 Loaded shared library C:\Users\DELL 5490\AppData\Roaming\Code\User\globalStorage\redhat.java\1.55.0\config_ss_win\org.eclipse.equinox.launcher\org.eclipse.equinox.launcher.win32.win32.x86_64_1.3.100.v20260613-0559\eclipse_11924.dll
Event: 4.079 Loaded shared library C:\Users\DELL 5490\AppData\Local\Temp\jna--1715188491\jna15415522273060052487.dll

Deoptimization events (20 events):
Event: 4.809 Thread 0x0000027ce373afc0 DEOPT PACKING pc=0x0000027c914bc35c sp=0x000000d8133f5fc0
Event: 4.809 Thread 0x0000027ce373afc0 DEOPT UNPACKING pc=0x0000027c90e43aa2 sp=0x000000d8133f5f38 mode 2
Event: 4.810 Thread 0x0000027ce373afc0 Uncommon trap: trap_request=0xffffffde fr.pc=0x0000027c914bc35c relative=0x000000000000013c
Event: 4.810 Thread 0x0000027ce373afc0 Uncommon trap: reason=class_check action=maybe_recompile pc=0x0000027c914bc35c method=jdk.internal.misc.Unsafe.allocateUninitializedArray(Ljava/lang/Class;I)Ljava/lang/Object; @ 51 c2
Event: 4.810 Thread 0x0000027ce373afc0 DEOPT PACKING pc=0x0000027c914bc35c sp=0x000000d8133f4900
Event: 4.810 Thread 0x0000027ce373afc0 DEOPT UNPACKING pc=0x0000027c90e43aa2 sp=0x000000d8133f4878 mode 2
Event: 4.810 Thread 0x0000027ce373afc0 Uncommon trap: trap_request=0xffffffde fr.pc=0x0000027c914bc35c relative=0x000000000000013c
Event: 4.810 Thread 0x0000027ce373afc0 Uncommon trap: reason=class_check action=maybe_recompile pc=0x0000027c914bc35c method=jdk.internal.misc.Unsafe.allocateUninitializedArray(Ljava/lang/Class;I)Ljava/lang/Object; @ 51 c2
Event: 4.810 Thread 0x0000027ce373afc0 DEOPT PACKING pc=0x0000027c914bc35c sp=0x000000d8133f4900
Event: 4.810 Thread 0x0000027ce373afc0 DEOPT UNPACKING pc=0x0000027c90e43aa2 sp=0x000000d8133f4878 mode 2
Event: 4.838 Thread 0x0000027ce373afc0 Uncommon trap: trap_request=0xffffff45 fr.pc=0x0000027c914bb584 relative=0x0000000000000164
Event: 4.838 Thread 0x0000027ce373afc0 Uncommon trap: reason=unstable_if action=reinterpret pc=0x0000027c914bb584 method=org.lombokweb.asm.ByteVector.putByteArray([BII)Lorg/lombokweb/asm/ByteVector; @ 20 c2
Event: 4.838 Thread 0x0000027ce373afc0 DEOPT PACKING pc=0x0000027c914bb584 sp=0x000000d8133f2890
Event: 4.838 Thread 0x0000027ce373afc0 DEOPT UNPACKING pc=0x0000027c90e43aa2 sp=0x000000d8133f2860 mode 2
Event: 4.838 Thread 0x0000027ce373afc0 Uncommon trap: trap_request=0xffffff45 fr.pc=0x0000027c914ad1d0 relative=0x0000000000000390
Event: 4.838 Thread 0x0000027ce373afc0 Uncommon trap: reason=unstable_if action=reinterpret pc=0x0000027c914ad1d0 method=org.lombokweb.asm.Label.resolve([BLorg/lombokweb/asm/ByteVector;I)Z @ 81 c2
Event: 4.838 Thread 0x0000027ce373afc0 DEOPT PACKING pc=0x0000027c914ad1d0 sp=0x000000d8133f2920
Event: 4.838 Thread 0x0000027ce373afc0 DEOPT UNPACKING pc=0x0000027c90e43aa2 sp=0x000000d8133f2828 mode 2
Event: 4.892 Thread 0x0000027ce373afc0 DEOPT PACKING pc=0x0000027c89a0e6b9 sp=0x000000d8133f2650
Event: 4.892 Thread 0x0000027ce373afc0 DEOPT UNPACKING pc=0x0000027c90e44242 sp=0x000000d8133f1b50 mode 0

Classes loaded (20 events):
Event: 4.427 Loading class java/util/zip/GZIPInputStream
Event: 4.428 Loading class java/util/zip/GZIPInputStream done
Event: 4.430 Loading class java/net/SocketTimeoutException
Event: 4.430 Loading class java/io/InterruptedIOException
Event: 4.430 Loading class java/io/InterruptedIOException done
Event: 4.430 Loading class java/net/SocketTimeoutException done
Event: 4.430 Loading class java/net/SocketException
Event: 4.430 Loading class java/net/SocketException done
Event: 4.430 Loading class java/net/UnknownHostException
Event: 4.430 Loading class java/net/UnknownHostException done
Event: 4.430 Loading class java/net/ProtocolException
Event: 4.430 Loading class java/net/ProtocolException done
Event: 4.457 Loading class java/lang/ThreadLocal$SuppliedThreadLocal
Event: 4.457 Loading class java/lang/ThreadLocal$SuppliedThreadLocal done
Event: 4.464 Loading class java/io/FileWriter
Event: 4.464 Loading class java/io/FileWriter done
Event: 4.464 Loading class java/lang/NegativeArraySizeException
Event: 4.464 Loading class java/lang/NegativeArraySizeException done
Event: 5.061 Loading class org/w3c/dom/DOMException
Event: 5.062 Loading class org/w3c/dom/DOMException done

Classes unloaded (7 events):
Event: 4.921 Thread 0x0000027c86776260 Unloading class 0x0000027c9e191400 'java/lang/invoke/LambdaForm$MH+0x0000027c9e191400'
Event: 4.921 Thread 0x0000027c86776260 Unloading class 0x0000027c9e191000 'java/lang/invoke/LambdaForm$MH+0x0000027c9e191000'
Event: 4.921 Thread 0x0000027c86776260 Unloading class 0x0000027c9e190c00 'java/lang/invoke/LambdaForm$MH+0x0000027c9e190c00'
Event: 4.921 Thread 0x0000027c86776260 Unloading class 0x0000027c9e190800 'java/lang/invoke/LambdaForm$MH+0x0000027c9e190800'
Event: 4.921 Thread 0x0000027c86776260 Unloading class 0x0000027c9e190400 'java/lang/invoke/LambdaForm$BMH+0x0000027c9e190400'
Event: 4.921 Thread 0x0000027c86776260 Unloading class 0x0000027c9e190000 'java/lang/invoke/LambdaForm$DMH+0x0000027c9e190000'
Event: 4.921 Thread 0x0000027c86776260 Unloading class 0x0000027c9e18ec00 'java/lang/invoke/LambdaForm$DMH+0x0000027c9e18ec00'

Classes redefined (0 events):
No events

Internal exceptions (20 events):
Event: 4.213 Thread 0x0000027ce373afc0 Exception <a 'java/lang/NoSuchMethodError'{0x00000000d6591780}: 'void java.lang.invoke.Invokers$Holder.invokeExact_MT(java.lang.Object, java.lang.Object, int, java.lang.Object)'> (0x00000000d6591780) 
thrown [s\src\hotspot\share\interpreter\linkResolver.cpp, line 773]
Event: 4.248 Thread 0x0000027ce373afc0 Exception <a 'java/lang/NoSuchMethodError'{0x00000000d668fd98}: 'java.lang.Object java.lang.invoke.DirectMethodHandle$Holder.invokeSpecial(java.lang.Object, java.lang.Object, java.lang.Object, long, java.lang.Object)'> (0x00000000d668fd98) 
thrown [s\src\hotspot\share\interpreter\linkResolver.cpp, line 773]
Event: 4.249 Thread 0x0000027ce373afc0 Exception <a 'java/lang/NoSuchMethodError'{0x00000000d66975e0}: 'java.lang.Object java.lang.invoke.DirectMethodHandle$Holder.newInvokeSpecial(java.lang.Object, java.lang.Object, java.lang.Object, long)'> (0x00000000d66975e0) 
thrown [s\src\hotspot\share\interpreter\linkResolver.cpp, line 773]
Event: 4.250 Thread 0x0000027ce373afc0 Exception <a 'java/lang/NoSuchMethodError'{0x00000000d669b990}: 'java.lang.Object java.lang.invoke.DirectMethodHandle$Holder.invokeSpecial(java.lang.Object, java.lang.Object, java.lang.Object, java.lang.Object, long)'> (0x00000000d669b990) 
thrown [s\src\hotspot\share\interpreter\linkResolver.cpp, line 773]
Event: 4.250 Thread 0x0000027ce373afc0 Exception <a 'java/lang/NoSuchMethodError'{0x00000000d669f5b0}: 'java.lang.Object java.lang.invoke.Invokers$Holder.linkToTargetMethod(java.lang.Object, java.lang.Object, long, java.lang.Object)'> (0x00000000d669f5b0) 
thrown [s\src\hotspot\share\interpreter\linkResolver.cpp, line 773]
Event: 4.264 Thread 0x0000027ce373afc0 Exception <a 'java/lang/NoSuchMethodError'{0x00000000d66f7950}: 'int java.lang.invoke.DirectMethodHandle$Holder.invokeStaticInit(java.lang.Object, java.lang.Object, java.lang.Object)'> (0x00000000d66f7950) 
thrown [s\src\hotspot\share\interpreter\linkResolver.cpp, line 773]
Event: 4.275 Thread 0x0000027ce373afc0 Exception <a 'java/lang/IncompatibleClassChangeError'{0x00000000d679de98}: Found class java.lang.Object, but interface was expected> (0x00000000d679de98) 
thrown [s\src\hotspot\share\interpreter\linkResolver.cpp, line 840]
Event: 4.281 Thread 0x0000027ce373afc0 Exception <a 'java/lang/NoSuchMethodError'{0x00000000d67b3030}: 'java.lang.Object java.lang.invoke.DirectMethodHandle$Holder.invokeSpecial(java.lang.Object, java.lang.Object, java.lang.Object, int, java.lang.Object, java.lang.Object)'> (0x00000000d67b3030) 
thrown [s\src\hotspot\share\interpreter\linkResolver.cpp, line 773]
Event: 4.281 Thread 0x0000027ce373afc0 Exception <a 'java/lang/NoSuchMethodError'{0x00000000d67bab08}: 'java.lang.Object java.lang.invoke.DirectMethodHandle$Holder.newInvokeSpecial(java.lang.Object, java.lang.Object, java.lang.Object, int, java.lang.Object)'> (0x00000000d67bab08) 
thrown [s\src\hotspot\share\interpreter\linkResolver.cpp, line 773]
Event: 4.282 Thread 0x0000027ce373afc0 Exception <a 'java/lang/NoSuchMethodError'{0x00000000d67bea88}: 'java.lang.Object java.lang.invoke.DirectMethodHandle$Holder.invokeSpecial(java.lang.Object, java.lang.Object, java.lang.Object, java.lang.Object, int, java.lang.Object)'> (0x00000000d67bea88) 
thrown [s\src\hotspot\share\interpreter\linkResolver.cpp, line 773]
Event: 4.282 Thread 0x0000027ce373afc0 Exception <a 'java/lang/NoSuchMethodError'{0x00000000d67c25c8}: 'java.lang.Object java.lang.invoke.Invokers$Holder.linkToTargetMethod(java.lang.Object, java.lang.Object, int, java.lang.Object, java.lang.Object)'> (0x00000000d67c25c8) 
thrown [s\src\hotspot\share\interpreter\linkResolver.cpp, line 773]
Event: 4.283 Thread 0x0000027ce3739580 Exception <a 'java/lang/NoSuchMethodError'{0x00000000d66fd010}: 'java.lang.Object java.lang.invoke.DirectMethodHandle$Holder.invokeSpecial(java.lang.Object, java.lang.Object, int, java.lang.Object, java.lang.Object)'> (0x00000000d66fd010) 
thrown [s\src\hotspot\share\interpreter\linkResolver.cpp, line 773]
Event: 4.284 Thread 0x0000027ce3739580 Exception <a 'java/lang/NoSuchMethodError'{0x00000000d6703d48}: 'java.lang.Object java.lang.invoke.DirectMethodHandle$Holder.newInvokeSpecial(java.lang.Object, java.lang.Object, int, java.lang.Object)'> (0x00000000d6703d48) 
thrown [s\src\hotspot\share\interpreter\linkResolver.cpp, line 773]
Event: 4.284 Thread 0x0000027ce3739580 Exception <a 'java/lang/NoSuchMethodError'{0x00000000d6707628}: 'java.lang.Object java.lang.invoke.DirectMethodHandle$Holder.invokeSpecial(java.lang.Object, java.lang.Object, java.lang.Object, int, java.lang.Object)'> (0x00000000d6707628) 
thrown [s\src\hotspot\share\interpreter\linkResolver.cpp, line 773]
Event: 4.309 Thread 0x0000027ce373afc0 Exception <a 'java/lang/NoSuchMethodError'{0x00000000d68e0640}: 'void java.lang.invoke.DirectMethodHandle$Holder.invokeSpecial(java.lang.Object, java.lang.Object, java.lang.Object, java.lang.Object, java.lang.Object)'> (0x00000000d68e0640) 
thrown [s\src\hotspot\share\interpreter\linkResolver.cpp, line 773]
Event: 4.369 Thread 0x0000027ce373afc0 Exception <a 'java/lang/NoSuchMethodError'{0x00000000d6b17db0}: 'double java.lang.invoke.DirectMethodHandle$Holder.invokeStatic(java.lang.Object, java.lang.Object)'> (0x00000000d6b17db0) 
thrown [s\src\hotspot\share\interpreter\linkResolver.cpp, line 773]
Event: 4.371 Thread 0x0000027ce373afc0 Exception <a 'java/lang/NoSuchMethodError'{0x00000000d6b1b470}: 'double java.lang.invoke.DirectMethodHandle$Holder.invokeStaticInit(java.lang.Object, java.lang.Object)'> (0x00000000d6b1b470) 
thrown [s\src\hotspot\share\interpreter\linkResolver.cpp, line 773]
Event: 4.838 Thread 0x0000027ce373afc0 Implicit null exception at 0x0000027c914bb475 to 0x0000027c914bb568
Event: 5.046 Thread 0x0000027ce373afc0 Exception <a 'java/io/FileNotFoundException'{0x00000000d6417d18}> (0x00000000d6417d18) 
thrown [s\src\hotspot\share\prims\jni.cpp, line 520]
Event: 5.047 Thread 0x0000027ce373afc0 Exception <a 'java/io/FileNotFoundException'{0x00000000d6418d38}> (0x00000000d6418d38) 
thrown [s\src\hotspot\share\prims\jni.cpp, line 520]

ZGC Phase Switch (0 events):
No events

VM Operations (20 events):
Event: 3.010 Executing non-safepoint VM operation: HandshakeAllThreads (Deoptimize)
Event: 3.010 Executing non-safepoint VM operation: HandshakeAllThreads (Deoptimize) done
Event: 3.331 Executing non-safepoint VM operation: HandshakeAllThreads (Deoptimize)
Event: 3.331 Executing non-safepoint VM operation: HandshakeAllThreads (Deoptimize) done
Event: 3.605 Executing safepoint VM operation: ParallelGCFailedAllocation (Allocation Failure)
Event: 3.612 Executing safepoint VM operation: ParallelGCFailedAllocation (Allocation Failure) done
Event: 3.694 Executing non-safepoint VM operation: HandshakeAllThreads (Deoptimize)
Event: 3.694 Executing non-safepoint VM operation: HandshakeAllThreads (Deoptimize) done
Event: 3.698 Executing non-safepoint VM operation: HandshakeAllThreads (Deoptimize)
Event: 3.698 Executing non-safepoint VM operation: HandshakeAllThreads (Deoptimize) done
Event: 3.715 Executing non-safepoint VM operation: HandshakeAllThreads (Deoptimize)
Event: 3.715 Executing non-safepoint VM operation: HandshakeAllThreads (Deoptimize) done
Event: 4.098 Executing non-safepoint VM operation: HandshakeAllThreads (Deoptimize)
Event: 4.098 Executing non-safepoint VM operation: HandshakeAllThreads (Deoptimize) done
Event: 4.442 Executing safepoint VM operation: ParallelGCFailedAllocation (Allocation Failure)
Event: 4.449 Executing safepoint VM operation: ParallelGCFailedAllocation (Allocation Failure) done
Event: 4.827 Executing safepoint VM operation: ParallelGCFailedAllocation (Allocation Failure)
Event: 4.832 Executing safepoint VM operation: ParallelGCFailedAllocation (Allocation Failure) done
Event: 4.908 Executing safepoint VM operation: CollectForMetadataAllocation (Metadata GC Threshold)
Event: 4.949 Executing safepoint VM operation: CollectForMetadataAllocation (Metadata GC Threshold) done

Memory protections (0 events):
No events

Nmethod flushes (0 events):
No events

Events (20 events):
Event: 0.114 Thread 0x0000027c866b44a0 Thread added: 0x0000027cde138360
Event: 0.114 Thread 0x0000027c866b44a0 Thread added: 0x0000027cde138dc0
Event: 0.114 Thread 0x0000027c866b44a0 Thread added: 0x0000027cde139820
Event: 0.114 Thread 0x0000027c866b44a0 Thread added: 0x0000027cde13a5b0
Event: 0.137 Thread 0x0000027c866b44a0 Thread added: 0x0000027cde1aacd0
Event: 0.275 Thread 0x0000027c866b44a0 Thread added: 0x0000027ce310ad50
Event: 0.431 Thread 0x0000027cde13a5b0 Thread added: 0x0000027ce31e3c10
Event: 0.691 Thread 0x0000027c866b44a0 Thread added: 0x0000027ce327d810
Event: 2.340 Thread 0x0000027c866b44a0 Thread added: 0x0000027ce373c370
Event: 2.536 Thread 0x0000027ce31e3c10 Thread exited: 0x0000027ce31e3c10
Event: 2.760 Thread 0x0000027c866b44a0 Thread added: 0x0000027ce373a930
Event: 2.761 Thread 0x0000027cde1aacd0 Thread added: 0x0000027ce3b16a90
Event: 2.767 Thread 0x0000027c866b44a0 Thread added: 0x0000027ce373afc0
Event: 2.846 Thread 0x0000027ce373afc0 Thread added: 0x0000027ce373b650
Event: 3.276 Thread 0x0000027ce3b16a90 Thread exited: 0x0000027ce3b16a90
Event: 3.407 Thread 0x0000027ce373afc0 Thread added: 0x0000027ce373a2a0
Event: 3.737 Thread 0x0000027cde1aacd0 Thread added: 0x0000027ce3ee56f0
Event: 4.164 Thread 0x0000027ce373afc0 Thread added: 0x0000027ce373ca00
Event: 4.258 Thread 0x0000027ce373afc0 Thread added: 0x0000027ce3739580
Event: 4.286 Thread 0x0000027ce373afc0 Thread added: 0x0000027ce3739c10


Dynamic libraries:
0x00007ff7c0eb0000 - 0x00007ff7c0ebe000 	c:\Users\DELL 5490\.vscode\extensions\redhat.java-1.55.0-win32-x64\jre\21.0.11-win32-x86_64\bin\java.exe
0x00007ffe8ddc0000 - 0x00007ffe8dfc7000 	C:\Windows\SYSTEM32\ntdll.dll
0x00007ffe4c1e0000 - 0x00007ffe4c201000 	C:\Program Files\Avast Software\Avast\aswhook.dll
0x00007ffe8bde0000 - 0x00007ffe8be9d000 	C:\Windows\System32\KERNEL32.DLL
0x00007ffe8b770000 - 0x00007ffe8bae2000 	C:\Windows\System32\KERNELBASE.dll
0x00007ffe8baf0000 - 0x00007ffe8bc01000 	C:\Windows\System32\ucrtbase.dll
0x00007ffe69810000 - 0x00007ffe69828000 	c:\Users\DELL 5490\.vscode\extensions\redhat.java-1.55.0-win32-x64\jre\21.0.11-win32-x86_64\bin\jli.dll
0x00007ffe69880000 - 0x00007ffe6989e000 	c:\Users\DELL 5490\.vscode\extensions\redhat.java-1.55.0-win32-x64\jre\21.0.11-win32-x86_64\bin\VCRUNTIME140.dll
0x00007ffe8c080000 - 0x00007ffe8c22c000 	C:\Windows\System32\USER32.dll
0x00007ffe8b410000 - 0x00007ffe8b436000 	C:\Windows\System32\win32u.dll
0x00007ffe8da10000 - 0x00007ffe8da39000 	C:\Windows\System32\GDI32.dll
0x00007ffe735e0000 - 0x00007ffe73885000 	C:\Windows\WinSxS\amd64_microsoft.windows.common-controls_6595b64144ccf1df_6.0.21996.1_none_7d6b053978bcd706\COMCTL32.dll
0x00007ffe8b650000 - 0x00007ffe8b762000 	C:\Windows\System32\gdi32full.dll
0x00007ffe8b440000 - 0x00007ffe8b4dd000 	C:\Windows\System32\msvcp_win.dll
0x00007ffe8d4c0000 - 0x00007ffe8d563000 	C:\Windows\System32\msvcrt.dll
0x00007ffe8c730000 - 0x00007ffe8c761000 	C:\Windows\System32\IMM32.DLL
0x00007ffe82c50000 - 0x00007ffe82c5c000 	c:\Users\DELL 5490\.vscode\extensions\redhat.java-1.55.0-win32-x64\jre\21.0.11-win32-x86_64\bin\vcruntime140_1.dll
0x00007ffe40c50000 - 0x00007ffe40cdd000 	c:\Users\DELL 5490\.vscode\extensions\redhat.java-1.55.0-win32-x64\jre\21.0.11-win32-x86_64\bin\msvcp140.dll
0x00007ffde3770000 - 0x00007ffde4512000 	c:\Users\DELL 5490\.vscode\extensions\redhat.java-1.55.0-win32-x64\jre\21.0.11-win32-x86_64\bin\server\jvm.dll
0x00007ffe8d5e0000 - 0x00007ffe8d68c000 	C:\Windows\System32\ADVAPI32.dll
0x00007ffe8bea0000 - 0x00007ffe8bf3d000 	C:\Windows\System32\sechost.dll
0x00007ffe8bf50000 - 0x00007ffe8c071000 	C:\Windows\System32\RPCRT4.dll
0x00007ffe8d570000 - 0x00007ffe8d5df000 	C:\Windows\System32\WS2_32.dll
0x00007ffe89d20000 - 0x00007ffe89d6d000 	C:\Windows\SYSTEM32\POWRPROF.dll
0x00007ffe81b70000 - 0x00007ffe81ba3000 	C:\Windows\SYSTEM32\WINMM.dll
0x00007ffe800c0000 - 0x00007ffe800ca000 	C:\Windows\SYSTEM32\VERSION.dll
0x00007ffe89e10000 - 0x00007ffe89e23000 	C:\Windows\SYSTEM32\UMPDC.dll
0x00007ffe8a500000 - 0x00007ffe8a517000 	C:\Windows\SYSTEM32\kernel.appcore.dll
0x00007ffe80890000 - 0x00007ffe8089a000 	c:\Users\DELL 5490\.vscode\extensions\redhat.java-1.55.0-win32-x64\jre\21.0.11-win32-x86_64\bin\jimage.dll
0x00007ffe85fd0000 - 0x00007ffe861f1000 	C:\Windows\SYSTEM32\DBGHELP.DLL
0x00007ffe79390000 - 0x00007ffe793c1000 	C:\Windows\SYSTEM32\dbgcore.DLL
0x00007ffe8bc10000 - 0x00007ffe8bc90000 	C:\Windows\System32\bcryptPrimitives.dll
0x00007ffe7eb00000 - 0x00007ffe7eb0f000 	c:\Users\DELL 5490\.vscode\extensions\redhat.java-1.55.0-win32-x64\jre\21.0.11-win32-x86_64\bin\instrument.dll
0x00007ffe5b660000 - 0x00007ffe5b680000 	c:\Users\DELL 5490\.vscode\extensions\redhat.java-1.55.0-win32-x64\jre\21.0.11-win32-x86_64\bin\java.dll
0x00007ffe8cca0000 - 0x00007ffe8d409000 	C:\Windows\System32\SHELL32.dll
0x00007ffe894b0000 - 0x00007ffe89d08000 	C:\Windows\SYSTEM32\windows.storage.dll
0x00007ffe8d690000 - 0x00007ffe8da05000 	C:\Windows\System32\combase.dll
0x00007ffe89340000 - 0x00007ffe894a6000 	C:\Windows\SYSTEM32\wintypes.dll
0x00007ffe8bcf0000 - 0x00007ffe8bdda000 	C:\Windows\System32\SHCORE.dll
0x00007ffe8dc20000 - 0x00007ffe8dc7d000 	C:\Windows\System32\shlwapi.dll
0x00007ffe8b210000 - 0x00007ffe8b231000 	C:\Windows\SYSTEM32\profapi.dll
0x00007ffe5b580000 - 0x00007ffe5b598000 	c:\Users\DELL 5490\.vscode\extensions\redhat.java-1.55.0-win32-x64\jre\21.0.11-win32-x86_64\bin\zip.dll
0x00007ffe79c60000 - 0x00007ffe79c70000 	C:\Users\DELL 5490\.vscode\extensions\redhat.java-1.55.0-win32-x64\jre\21.0.11-win32-x86_64\bin\net.dll
0x00007ffe82980000 - 0x00007ffe82a8c000 	C:\Windows\SYSTEM32\WINHTTP.dll
0x00007ffe8a910000 - 0x00007ffe8a977000 	C:\Windows\system32\mswsock.dll
0x00007ffe53fb0000 - 0x00007ffe53fc6000 	C:\Users\DELL 5490\.vscode\extensions\redhat.java-1.55.0-win32-x64\jre\21.0.11-win32-x86_64\bin\nio.dll
0x00007ffe78080000 - 0x00007ffe78090000 	c:\Users\DELL 5490\.vscode\extensions\redhat.java-1.55.0-win32-x64\jre\21.0.11-win32-x86_64\bin\verify.dll
0x00007ffe4c890000 - 0x00007ffe4c8d5000 	C:\Users\DELL 5490\AppData\Roaming\Code\User\globalStorage\redhat.java\1.55.0\config_ss_win\org.eclipse.equinox.launcher\org.eclipse.equinox.launcher.win32.win32.x86_64_1.3.100.v20260613-0559\eclipse_11924.dll
0x00007ffe8c8f0000 - 0x00007ffe8ca8a000 	C:\Windows\System32\ole32.dll
0x00007ffe8ab50000 - 0x00007ffe8ab68000 	C:\Windows\SYSTEM32\CRYPTSP.dll
0x00007ffe8a460000 - 0x00007ffe8a495000 	C:\Windows\system32\rsaenh.dll
0x00007ffe8aa00000 - 0x00007ffe8aa29000 	C:\Windows\SYSTEM32\USERENV.dll
0x00007ffe8acd0000 - 0x00007ffe8acf7000 	C:\Windows\SYSTEM32\bcrypt.dll
0x00007ffe8ab70000 - 0x00007ffe8ab7c000 	C:\Windows\SYSTEM32\CRYPTBASE.dll
0x00007ffe89fc0000 - 0x00007ffe89fed000 	C:\Windows\SYSTEM32\IPHLPAPI.DLL
0x00007ffe8c8e0000 - 0x00007ffe8c8e9000 	C:\Windows\System32\NSI.dll
0x00007ffe42830000 - 0x00007ffe42879000 	C:\Users\DELL 5490\AppData\Local\Temp\jna--1715188491\jna15415522273060052487.dll
0x00007ffe8c770000 - 0x00007ffe8c778000 	C:\Windows\System32\PSAPI.DLL

JVMTI agents:
c:\Users\DELL 5490\.vscode\extensions\redhat.java-1.55.0-win32-x64\lombok\lombok-1.18.39-4050.jar path:c:\Users\DELL 5490\.vscode\extensions\redhat.java-1.55.0-win32-x64\jre\21.0.11-win32-x86_64\bin\instrument.dll, loaded, initialized, instrumentlib options:none

dbghelp: loaded successfully - version: 4.0.5 - missing functions: none
symbol engine: initialized successfully - sym options: 0x614 - pdb path: .;c:\Users\DELL 5490\.vscode\extensions\redhat.java-1.55.0-win32-x64\jre\21.0.11-win32-x86_64\bin;C:\Windows\SYSTEM32;C:\Program Files\Avast Software\Avast;C:\Windows\WinSxS\amd64_microsoft.windows.common-controls_6595b64144ccf1df_6.0.21996.1_none_7d6b053978bcd706;c:\Users\DELL 5490\.vscode\extensions\redhat.java-1.55.0-win32-x64\jre\21.0.11-win32-x86_64\bin\server;C:\Users\DELL 5490\AppData\Roaming\Code\User\globalStorage\redhat.java\1.55.0\config_ss_win\org.eclipse.equinox.launcher\org.eclipse.equinox.launcher.win32.win32.x86_64_1.3.100.v20260613-0559;C:\Users\DELL 5490\AppData\Local\Temp\jna--1715188491

VM Arguments:
jvm_args: --add-modules=ALL-SYSTEM --add-opens=java.base/java.util=ALL-UNNAMED --add-opens=java.base/java.lang=ALL-UNNAMED --add-opens=java.base/sun.nio.fs=ALL-UNNAMED -Declipse.application=org.eclipse.jdt.ls.core.id1 -Dosgi.bundles.defaultStartLevel=4 -Declipse.product=org.eclipse.jdt.ls.core.product -Djava.import.generatesMetadataFilesAtProjectRoot=false -DDetectVMInstallationsJob.disabled=true -Dfile.encoding=utf8 -XX:+UseParallelGC -XX:GCTimeRatio=4 -XX:AdaptiveSizePolicyWeight=90 -Dsun.zip.disableMemoryMapping=true -Xmx2G -Xms100m -Xlog:disable -javaagent:c:\Users\DELL 5490\.vscode\extensions\redhat.java-1.55.0-win32-x64\lombok\lombok-1.18.39-4050.jar 
java_command: c:\Users\DELL 5490\.vscode\extensions\redhat.java-1.55.0-win32-x64\server\plugins\org.eclipse.equinox.launcher_1.7.200.v20260619-2039.jar -configuration c:\Users\DELL 5490\AppData\Roaming\Code\User\globalStorage\redhat.java\1.55.0\config_ss_win -data c:\Users\DELL 5490\AppData\Roaming\Code\User\workspaceStorage\57ea264e37e61016c08210faebcd99c8\redhat.java\ss_ws --pipe=\\.\pipe\lsp-e0fad71139442d3e8fa56e24c95ba0dd-sock
java_class_path (initial): c:\Users\DELL 5490\.vscode\extensions\redhat.java-1.55.0-win32-x64\server\plugins\org.eclipse.equinox.launcher_1.7.200.v20260619-2039.jar
Launcher Type: SUN_STANDARD

[Global flags]
    uintx AdaptiveSizePolicyWeight                 = 90                                        {product} {command line}
     intx CICompilerCount                          = 3                                         {product} {ergonomic}
    uintx GCTimeRatio                              = 4                                         {product} {command line}
   size_t InitialHeapSize                          = 104857600                                 {product} {command line}
   size_t MaxHeapSize                              = 2147483648                                {product} {command line}
   size_t MaxNewSize                               = 715653120                                 {product} {ergonomic}
   size_t MinHeapDeltaBytes                        = 524288                                    {product} {ergonomic}
   size_t MinHeapSize                              = 104857600                                 {product} {command line}
   size_t NewSize                                  = 34603008                                  {product} {ergonomic}
    uintx NonNMethodCodeHeapSize                   = 5832780                                {pd product} {ergonomic}
    uintx NonProfiledCodeHeapSize                  = 122912730                              {pd product} {ergonomic}
   size_t OldSize                                  = 70254592                                  {product} {ergonomic}
    uintx ProfiledCodeHeapSize                     = 122912730                              {pd product} {ergonomic}
    uintx ReservedCodeCacheSize                    = 251658240                              {pd product} {ergonomic}
     bool SegmentedCodeCache                       = true                                      {product} {ergonomic}
   size_t SoftMaxHeapSize                          = 2147483648                             {manageable} {ergonomic}
     bool UseCompressedOops                        = true                           {product lp64_product} {ergonomic}
     bool UseLargePagesIndividualAllocation        = false                                  {pd product} {ergonomic}
     bool UseParallelGC                            = true                                      {product} {command line}

Logging:
Log output configuration:
 #0: stdout all=off uptime,level,tags foldmultilines=false
 #1: stderr all=off uptime,level,tags foldmultilines=false

Release file:
JAVA_VERSION="21.0.11" 
MODULES="java.base java.compiler java.datatransfer java.xml java.prefs java.desktop java.instrument java.logging java.management java.security.sasl java.naming java.rmi java.management.rmi java.net.http java.scripting java.security.jgss java.transaction.xa java.sql java.sql.rowset java.xml.crypto java.se java.smartcardio jdk.accessibility jdk.internal.jvmstat jdk.attach jdk.charsets jdk.internal.opt jdk.zipfs jdk.compiler jdk.crypto.ec jdk.crypto.cryptoki jdk.crypto.mscapi jdk.dynalink jdk.internal.ed jdk.editpad jdk.hotspot.agent jdk.httpserver jdk.internal.le jdk.internal.vm.ci jdk.internal.vm.compiler jdk.internal.vm.compiler.management jdk.jartool jdk.javadoc jdk.jcmd jdk.management jdk.management.agent jdk.jconsole jdk.jdeps jdk.jdwp.agent jdk.jdi jdk.jfr jdk.jshell jdk.jsobject jdk.jstatd jdk.localedata jdk.management.jfr jdk.naming.dns jdk.naming.rmi jdk.net jdk.nio.mapmode jdk.random jdk.sctp jdk.security.auth jdk.security.jgss jdk.unsupported jdk.unsupported.desktop jdk.xml.dom" 

Environment Variables:
PATH=C:\OracleDB26\dbhomeFree\bin;C:\OracleFree\dbhomeFree\bin;C:\oracle\dbhomeFree\bin;C:\Python313\Scripts\;C:\Python313\;C:\Program Files\Common Files\Oracle\Java\javapath;C:\Program Files (x86)\Common Files\Oracle\Java\java8path;C:\Program Files (x86)\Common Files\Oracle\Java\javapath;C:\Windows\system32;C:\Windows;C:\Windows\System32\Wbem;C:\Windows\System32\WindowsPowerShell\v1.0\;C:\Windows\System32\OpenSSH\;C:\Program Files\Git\cmd;C:\Program Files\nodejs\;C:\ProgramData\chocolatey\bin;C:\Program Files (x86)\NVIDIA Corporation\PhysX\Common;C:\Program Files\Microsoft SQL Server\170\Tools\Binn\;C:\Program Files\Microsoft SQL Server\Client SDK\ODBC\170\Tools\Binn\;C:\Program Files (x86)\Microsoft SQL Server\170\Tools\Binn\;C:\Program Files\Microsoft SQL Server\Client SDK\ODBC\180\Tools\Binn\;C:\Program Files\Microsoft SQL Server\170\DTS\Binn\;C:\Program Files (x86)\Windows Kits\10\Windows Performance Toolkit\;C:\Program Files\dotnet\;C:\Users\DELL 5490\.cargo\bin;C:\Program Files\MySQL\MySQL Shell 8.0\bin\;C:\Users\DELL 5490\AppData\Local\Microsoft\WindowsApps;C:\Program Files\JetBrains\IntelliJ IDEA Community Edition 2025.1.3\bin;;C:\Users\DELL 5490\AppData\Roaming\npm;C:\Users\DELL 5490\AppData\Local\Programs\Microsoft VS Code\bin;C:\Users\DELL 5490\AppData\Local\Programs\Antigravity\bin;C:\Users\DELL 5490\.dotnet\tools
USERNAME=DELL 5490
OS=Windows_NT
PROCESSOR_IDENTIFIER=Intel64 Family 6 Model 142 Stepping 9, GenuineIntel
TMP=C:\Users\DELL54~1\AppData\Local\Temp
TEMP=C:\Users\DELL54~1\AppData\Local\Temp




Periodic native trim disabled

---------------  S Y S T E M  ---------------

OS:
 Windows 10 , 64 bit Build 21996 (10.0.21996.1)
OS uptime: 0 days 2:51 hours

CPU: total 4 (initial active 4) (2 cores per cpu, 2 threads per core) family 6 model 142 stepping 9 microcode 0xf6, cx8, cmov, fxsr, ht, mmx, 3dnowpref, sse, sse2, sse3, ssse3, sse4.1, sse4.2, popcnt, lzcnt, tsc, tscinvbit, avx, avx2, aes, erms, clmul, bmi1, bmi2, rtm, adx, fma, vzeroupper, clflush, clflushopt, rdtscp, f16c
Processor Information for the first 4 processors :
  Max Mhz: 2712, Current Mhz: 2611, Mhz Limit: 2603

Memory: 4k page, system-wide physical 8050M (1107M free)
TotalPageFile size 8050M (AvailPageFile size 8M)
current process WorkingSet (physical memory assigned to process): 142M, peak: 142M
current process commit charge ("private bytes"): 268M, peak: 268M

vm_info: OpenJDK 64-Bit Server VM (21.0.11+10-LTS) for windows-amd64 JRE (21.0.11+10-LTS), built on 2026-04-21T00:00:00Z by "admin" with MS VC++ 17.12 (VS2022)

END.
